This file contains any messages produced by compilers while
running configure, to aid debugging if configure makes a mistake.

It was created by libgcrypt configure 1.10.1, which was
generated by GNU Autoconf 2.69.  Invocation command line was

  $ ./configure 

## --------- ##
## Platform. ##
## --------- ##

hostname = DESKTOP-P0V2N7P
uname -m = x86_64
uname -r = 6.6.87.2-microsoft-standard-WSL2
uname -s = Linux
uname -v = #1 SMP PREEMPT_DYNAMIC Thu Jun  5 18:30:46 UTC 2025

/usr/bin/uname -p = x86_64
/bin/uname -X     = unknown

/bin/arch              = x86_64
/usr/bin/arch -k       = unknown
/usr/convex/getsysinfo = unknown
/usr/bin/hostinfo      = unknown
/bin/machine           = unknown
/usr/bin/oslevel       = unknown
/bin/universe          = unknown

PATH: /home/james/.local/bin
PATH: /usr/local/sbin
PATH: /usr/local/bin
PATH: /usr/sbin
PATH: /usr/bin
PATH: /sbin
PATH: /bin
PATH: /usr/games
PATH: /usr/local/games
PATH: /usr/lib/wsl/lib
PATH: /mnt/c/Program Files/WindowsApps/MicrosoftCorporationII.WindowsSubsystemForLinux_2.5.9.0_x64__8wekyb3d8bbwe
PATH: /mnt/c/Windows/system32
PATH: /mnt/c/Windows
PATH: /mnt/c/Windows/System32/Wbem
PATH: /mnt/c/Windows/System32/WindowsPowerShell/v1.0/
PATH: /mnt/c/Windows/System32/OpenSSH/
PATH: /mnt/c/Program Files/dotnet/
PATH: /mnt/c/Program Files (x86)/NVIDIA Corporation/PhysX/Common
PATH: /mnt/c/Program Files/NVIDIA Corporation/NVIDIA NvDLISR
PATH: /mnt/c/WINDOWS/system32
PATH: /mnt/c/WINDOWS
PATH: /mnt/c/WINDOWS/System32/Wbem
PATH: /mnt/c/WINDOWS/System32/WindowsPowerShell/v1.0/
PATH: /mnt/c/WINDOWS/System32/OpenSSH/
PATH: /mnt/c/Program Files/Git/cmd
PATH: /mnt/c/Program Files/Docker/Docker/resources/bin
PATH: /mnt/c/Users/james/AppData/Local/Programs/Eclipse Adoptium/jdk-17.0.5.8-hotspot/bin
PATH: /mnt/c/Users/james/AppData/Local/Microsoft/WindowsApps
PATH: /mnt/c/Users/james/AppData/Local/Programs/Microsoft VS Code/bin
PATH: /mnt/c/Users/james/.dotnet/tools
PATH: /snap/bin


## ----------- ##
## Core tests. ##
## ----------- ##

configure:2762: checking for a BSD-compatible install
configure:2830: result: /usr/bin/install -c
configure:2841: checking whether build environment is sane
configure:2896: result: yes
configure:3042: checking for a thread-safe mkdir -p
configure:3081: result: /usr/bin/mkdir -p
configure:3088: checking for gawk
configure:3104: found /usr/bin/gawk
configure:3115: result: gawk
configure:3126: checking whether make sets $(MAKE)
configure:3148: result: yes
configure:3177: checking whether make supports nested variables
configure:3194: result: yes
configure:3328: checking build system type
configure:3342: result: x86_64-pc-linux-gnu
configure:3362: checking host system type
configure:3375: result: x86_64-pc-linux-gnu
configure:3396: checking whether to enable maintainer-specific portions of Makefiles
configure:3405: result: no
configure:3429: checking whether make supports nested variables
configure:3446: result: yes
configure:3471: checking whether make sets $(MAKE)
configure:3493: result: yes
configure:3564: checking for gcc
configure:3580: found /usr/bin/gcc
configure:3591: result: gcc
configure:3820: checking for C compiler version
configure:3829: gcc --version >&5
gcc (Ubuntu 11.4.0-1ubuntu1~22.04) 11.4.0
Copyright (C) 2021 Free Software Foundation, Inc.
This is free software; see the source for copying conditions.  There is NO
warranty; not even for MERCHANTABILITY or FITNESS FOR A PARTICULAR PURPOSE.

configure:3840: $? = 0
configure:3829: gcc -v >&5
Using built-in specs.
COLLECT_GCC=gcc
COLLECT_LTO_WRAPPER=/usr/lib/gcc/x86_64-linux-gnu/11/lto-wrapper
OFFLOAD_TARGET_NAMES=nvptx-none:amdgcn-amdhsa
OFFLOAD_TARGET_DEFAULT=1
Target: x86_64-linux-gnu
Configured with: ../src/configure -v --with-pkgversion='Ubuntu 11.4.0-1ubuntu1~22.04' --with-bugurl=file:///usr/share/doc/gcc-11/README.Bugs --enable-languages=c,ada,c++,go,brig,d,fortran,objc,obj-c++,m2 --prefix=/usr --with-gcc-major-version-only --program-suffix=-11 --program-prefix=x86_64-linux-gnu- --enable-shared --enable-linker-build-id --libexecdir=/usr/lib --without-included-gettext --enable-threads=posix --libdir=/usr/lib --enable-nls --enable-bootstrap --enable-clocale=gnu --enable-libstdcxx-debug --enable-libstdcxx-time=yes --with-default-libstdcxx-abi=new --enable-gnu-unique-object --disable-vtable-verify --enable-plugin --enable-default-pie --with-system-zlib --enable-libphobos-checking=release --with-target-system-zlib=auto --enable-objc-gc=auto --enable-multiarch --disable-werror --enable-cet --with-arch-32=i686 --with-abi=m64 --with-multilib-list=m32,m64,mx32 --enable-multilib --with-tune=generic --enable-offload-targets=nvptx-none=/build/gcc-11-XeT9lY/gcc-11-11.4.0/debian/tmp-nvptx/usr,amdgcn-amdhsa=/build/gcc-11-XeT9lY/gcc-11-11.4.0/debian/tmp-gcn/usr --without-cuda-driver --enable-checking=release --build=x86_64-linux-gnu --host=x86_64-linux-gnu --target=x86_64-linux-gnu --with-build-config=bootstrap-lto-lean --enable-link-serialization=2
Thread model: posix
Supported LTO compression algorithms: zlib zstd
gcc version 11.4.0 (Ubuntu 11.4.0-1ubuntu1~22.04) 
... rest of stderr output deleted ...
configure:3840: $? = 0
configure:3829: gcc -V >&5
gcc: error: unrecognized command-line option '-V'
gcc: fatal error: no input files
compilation terminated.
configure:3840: $? = 1
configure:3829: gcc -qversion >&5
gcc: error: unrecognized command-line option '-qversion'; did you mean '--version'?
gcc: fatal error: no input files
compilation terminated.
configure:3840: $? = 1
configure:3860: checking whether the C compiler works
configure:3882: gcc    conftest.c  >&5
configure:3886: $? = 0
configure:3934: result: yes
configure:3937: checking for C compiler default output file name
configure:3939: result: a.out
configure:3945: checking for suffix of executables
configure:3952: gcc -o conftest    conftest.c  >&5
configure:3956: $? = 0
configure:3978: result: 
configure:4000: checking whether we are cross compiling
configure:4008: gcc -o conftest    conftest.c  >&5
configure:4012: $? = 0
configure:4019: ./conftest
configure:4023: $? = 0
configure:4038: result: no
configure:4043: checking for suffix of object files
configure:4065: gcc -c   conftest.c >&5
configure:4069: $? = 0
configure:4090: result: o
configure:4094: checking whether we are using the GNU C compiler
configure:4113: gcc -c   conftest.c >&5
configure:4113: $? = 0
configure:4122: result: yes
configure:4131: checking whether gcc accepts -g
configure:4151: gcc -c -g  conftest.c >&5
configure:4151: $? = 0
configure:4192: result: yes
configure:4209: checking for gcc option to accept ISO C89
configure:4272: gcc  -c -g -O2  conftest.c >&5
configure:4272: $? = 0
configure:4285: result: none needed
configure:4310: checking whether gcc understands -c and -o together
configure:4332: gcc -c conftest.c -o conftest2.o
configure:4335: $? = 0
configure:4332: gcc -c conftest.c -o conftest2.o
configure:4335: $? = 0
configure:4347: result: yes
configure:4367: checking whether make supports the include directive
configure:4382: make -f confmf.GNU && cat confinc.out
this is the am__doit target
configure:4385: $? = 0
configure:4404: result: yes (GNU style)
configure:4429: checking dependency style of gcc
configure:4540: result: gcc3
configure:4560: checking how to run the C preprocessor
configure:4591: gcc -E  conftest.c
configure:4591: $? = 0
configure:4605: gcc -E  conftest.c
conftest.c:11:10: fatal error: ac_nonexistent.h: No such file or directory
   11 | #include <ac_nonexistent.h>
      |          ^~~~~~~~~~~~~~~~~~
compilation terminated.
configure:4605: $? = 1
configure: failed program was:
| /* confdefs.h */
| #define PACKAGE_NAME "libgcrypt"
| #define PACKAGE_TARNAME "libgcrypt"
| #define PACKAGE_VERSION "1.10.1"
| #define PACKAGE_STRING "libgcrypt 1.10.1"
| #define PACKAGE_BUGREPORT "https://bugs.gnupg.org"
| #define PACKAGE_URL ""
| #define PACKAGE "libgcrypt"
| #define VERSION "1.10.1"
| /* end confdefs.h.  */
| #include <ac_nonexistent.h>
configure:4630: result: gcc -E
configure:4650: gcc -E  conftest.c
configure:4650: $? = 0
configure:4664: gcc -E  conftest.c
conftest.c:11:10: fatal error: ac_nonexistent.h: No such file or directory
   11 | #include <ac_nonexistent.h>
      |          ^~~~~~~~~~~~~~~~~~
compilation terminated.
configure:4664: $? = 1
configure: failed program was:
| /* confdefs.h */
| #define PACKAGE_NAME "libgcrypt"
| #define PACKAGE_TARNAME "libgcrypt"
| #define PACKAGE_VERSION "1.10.1"
| #define PACKAGE_STRING "libgcrypt 1.10.1"
| #define PACKAGE_BUGREPORT "https://bugs.gnupg.org"
| #define PACKAGE_URL ""
| #define PACKAGE "libgcrypt"
| #define VERSION "1.10.1"
| /* end confdefs.h.  */
| #include <ac_nonexistent.h>
configure:4702: checking dependency style of gcc
configure:4811: result: gcc3
configure:4827: checking for library containing strerror
configure:4858: gcc -o conftest -g -O2   conftest.c  >&5
configure:4858: $? = 0
configure:4875: result: none required
configure:4888: checking for gawk
configure:4915: result: gawk
configure:4928: checking for grep that handles long lines and -e
configure:4986: result: /usr/bin/grep
configure:4991: checking for egrep
configure:5053: result: /usr/bin/grep -E
configure:5058: checking for ANSI C header files
configure:5078: gcc -c -g -O2  conftest.c >&5
configure:5078: $? = 0
configure:5151: gcc -o conftest -g -O2   conftest.c  >&5
configure:5151: $? = 0
configure:5151: ./conftest
configure:5151: $? = 0
configure:5162: result: yes
configure:5175: checking for sys/types.h
configure:5175: gcc -c -g -O2  conftest.c >&5
configure:5175: $? = 0
configure:5175: result: yes
configure:5175: checking for sys/stat.h
configure:5175: gcc -c -g -O2  conftest.c >&5
configure:5175: $? = 0
configure:5175: result: yes
configure:5175: checking for stdlib.h
configure:5175: gcc -c -g -O2  conftest.c >&5
configure:5175: $? = 0
configure:5175: result: yes
configure:5175: checking for string.h
configure:5175: gcc -c -g -O2  conftest.c >&5
configure:5175: $? = 0
configure:5175: result: yes
configure:5175: checking for memory.h
configure:5175: gcc -c -g -O2  conftest.c >&5
configure:5175: $? = 0
configure:5175: result: yes
configure:5175: checking for strings.h
configure:5175: gcc -c -g -O2  conftest.c >&5
configure:5175: $? = 0
configure:5175: result: yes
configure:5175: checking for inttypes.h
configure:5175: gcc -c -g -O2  conftest.c >&5
configure:5175: $? = 0
configure:5175: result: yes
configure:5175: checking for stdint.h
configure:5175: gcc -c -g -O2  conftest.c >&5
configure:5175: $? = 0
configure:5175: result: yes
configure:5175: checking for unistd.h
configure:5175: gcc -c -g -O2  conftest.c >&5
configure:5175: $? = 0
configure:5175: result: yes
configure:5188: checking minix/config.h usability
configure:5188: gcc -c -g -O2  conftest.c >&5
conftest.c:54:10: fatal error: minix/config.h: No such file or directory
   54 | #include <minix/config.h>
      |          ^~~~~~~~~~~~~~~~
compilation terminated.
configure:5188: $? = 1
configure: failed program was:
| /* confdefs.h */
| #define PACKAGE_NAME "libgcrypt"
| #define PACKAGE_TARNAME "libgcrypt"
| #define PACKAGE_VERSION "1.10.1"
| #define PACKAGE_STRING "libgcrypt 1.10.1"
| #define PACKAGE_BUGREPORT "https://bugs.gnupg.org"
| #define PACKAGE_URL ""
| #define PACKAGE "libgcrypt"
| #define VERSION "1.10.1"
| #define STDC_HEADERS 1
| #define HAVE_SYS_TYPES_H 1
| #define HAVE_SYS_STAT_H 1
| #define HAVE_STDLIB_H 1
| #define HAVE_STRING_H 1
| #define HAVE_MEMORY_H 1
| #define HAVE_STRINGS_H 1
| #define HAVE_INTTYPES_H 1
| #define HAVE_STDINT_H 1
| #define HAVE_UNISTD_H 1
| /* end confdefs.h.  */
| #include <stdio.h>
| #ifdef HAVE_SYS_TYPES_H
| # include <sys/types.h>
| #endif
| #ifdef HAVE_SYS_STAT_H
| # include <sys/stat.h>
| #endif
| #ifdef STDC_HEADERS
| # include <stdlib.h>
| # include <stddef.h>
| #else
| # ifdef HAVE_STDLIB_H
| #  include <stdlib.h>
| # endif
| #endif
| #ifdef HAVE_STRING_H
| # if !defined STDC_HEADERS && defined HAVE_MEMORY_H
| #  include <memory.h>
| # endif
| # include <string.h>
| #endif
| #ifdef HAVE_STRINGS_H
| # include <strings.h>
| #endif
| #ifdef HAVE_INTTYPES_H
| # include <inttypes.h>
| #endif
| #ifdef HAVE_STDINT_H
| # include <stdint.h>
| #endif
| #ifdef HAVE_UNISTD_H
| # include <unistd.h>
| #endif
| #include <minix/config.h>
configure:5188: result: no
configure:5188: checking minix/config.h presence
configure:5188: gcc -E  conftest.c
conftest.c:21:10: fatal error: minix/config.h: No such file or directory
   21 | #include <minix/config.h>
      |          ^~~~~~~~~~~~~~~~
compilation terminated.
configure:5188: $? = 1
configure: failed program was:
| /* confdefs.h */
| #define PACKAGE_NAME "libgcrypt"
| #define PACKAGE_TARNAME "libgcrypt"
| #define PACKAGE_VERSION "1.10.1"
| #define PACKAGE_STRING "libgcrypt 1.10.1"
| #define PACKAGE_BUGREPORT "https://bugs.gnupg.org"
| #define PACKAGE_URL ""
| #define PACKAGE "libgcrypt"
| #define VERSION "1.10.1"
| #define STDC_HEADERS 1
| #define HAVE_SYS_TYPES_H 1
| #define HAVE_SYS_STAT_H 1
| #define HAVE_STDLIB_H 1
| #define HAVE_STRING_H 1
| #define HAVE_MEMORY_H 1
| #define HAVE_STRINGS_H 1
| #define HAVE_INTTYPES_H 1
| #define HAVE_STDINT_H 1
| #define HAVE_UNISTD_H 1
| /* end confdefs.h.  */
| #include <minix/config.h>
configure:5188: result: no
configure:5188: checking for minix/config.h
configure:5188: result: no
configure:5209: checking whether it is safe to define __EXTENSIONS__
configure:5227: gcc -c -g -O2  conftest.c >&5
configure:5227: $? = 0
configure:5234: result: yes
configure:5371: checking how to print strings
configure:5398: result: printf
configure:5419: checking for a sed that does not truncate output
configure:5483: result: /usr/bin/sed
configure:5501: checking for fgrep
configure:5563: result: /usr/bin/grep -F
configure:5598: checking for ld used by gcc
configure:5665: result: /usr/bin/ld
configure:5672: checking if the linker (/usr/bin/ld) is GNU ld
configure:5687: result: yes
configure:5699: checking for BSD- or MS-compatible name lister (nm)
configure:5748: result: /usr/bin/nm -B
configure:5878: checking the name lister (/usr/bin/nm -B) interface
configure:5885: gcc -c -g -O2  conftest.c >&5
configure:5888: /usr/bin/nm -B "conftest.o"
configure:5891: output
0000000000000000 B some_variable
configure:5898: result: BSD nm
configure:5901: checking whether ln -s works
configure:5905: result: yes
configure:5913: checking the maximum length of command line arguments
configure:6043: result: 1572864
configure:6060: checking whether the shell understands some XSI constructs
configure:6070: result: yes
configure:6074: checking whether the shell understands "+="
configure:6080: result: yes
configure:6115: checking how to convert x86_64-pc-linux-gnu file names to x86_64-pc-linux-gnu format
configure:6155: result: func_convert_file_noop
configure:6162: checking how to convert x86_64-pc-linux-gnu file names to toolchain format
configure:6182: result: func_convert_file_noop
configure:6189: checking for /usr/bin/ld option to reload object files
configure:6196: result: -r
configure:6270: checking for objdump
configure:6286: found /usr/bin/objdump
configure:6297: result: objdump
configure:6326: checking how to recognize dependent libraries
configure:6528: result: pass_all
configure:6613: checking for dlltool
configure:6643: result: no
configure:6670: checking how to associate runtime and link libraries
configure:6697: result: printf %s\n
configure:6757: checking for ar
configure:6773: found /usr/bin/ar
configure:6784: result: ar
configure:6821: checking for archiver @FILE support
configure:6838: gcc -c -g -O2  conftest.c >&5
configure:6838: $? = 0
configure:6841: ar cru libconftest.a @conftest.lst >&5
ar: `u' modifier ignored since `D' is the default (see `U')
configure:6844: $? = 0
configure:6849: ar cru libconftest.a @conftest.lst >&5
ar: `u' modifier ignored since `D' is the default (see `U')
ar: conftest.o: No such file or directory
configure:6852: $? = 1
configure:6864: result: @
configure:6922: checking for strip
configure:6938: found /usr/bin/strip
configure:6949: result: strip
configure:7021: checking for ranlib
configure:7037: found /usr/bin/ranlib
configure:7048: result: ranlib
configure:7150: checking command to parse /usr/bin/nm -B output from gcc object
configure:7270: gcc -c -g -O2  conftest.c >&5
configure:7273: $? = 0
configure:7277: /usr/bin/nm -B conftest.o \| sed -n -e 's/^.*[ ]\([ABCDGIRSTW][ABCDGIRSTW]*\)[ ][ ]*\([_A-Za-z][_A-Za-z0-9]*\)$/\1 \2 \2/p' | sed '/ __gnu_lto/d' \> conftest.nm
configure:7280: $? = 0
configure:7346: gcc -o conftest -g -O2   conftest.c conftstm.o >&5
configure:7349: $? = 0
configure:7387: result: ok
configure:7424: checking for sysroot
configure:7454: result: no
configure:7531: gcc -c -g -O2  conftest.c >&5
configure:7534: $? = 0
configure:7716: checking for mt
configure:7732: found /usr/bin/mt
configure:7743: result: mt
configure:7766: checking if mt is a manifest tool
configure:7772: mt '-?'
configure:7780: result: no
configure:8414: checking for dlfcn.h
configure:8414: gcc -c -g -O2  conftest.c >&5
configure:8414: $? = 0
configure:8414: result: yes
configure:8917: checking for objdir
configure:8932: result: .libs
configure:9203: checking if gcc supports -fno-rtti -fno-exceptions
configure:9221: gcc -c -g -O2  -fno-rtti -fno-exceptions conftest.c >&5
cc1: warning: command-line option '-fno-rtti' is valid for C++/D/ObjC++ but not for C
configure:9225: $? = 0
configure:9238: result: no
configure:9565: checking for gcc option to produce PIC
configure:9572: result: -fPIC -DPIC
configure:9580: checking if gcc PIC flag -fPIC -DPIC works
configure:9598: gcc -c -g -O2  -fPIC -DPIC -DPIC conftest.c >&5
configure:9602: $? = 0
configure:9615: result: yes
configure:9644: checking if gcc static flag -static works
configure:9672: result: yes
configure:9687: checking if gcc supports -c -o file.o
configure:9708: gcc -c -g -O2  -o out/conftest2.o conftest.c >&5
configure:9712: $? = 0
configure:9734: result: yes
configure:9742: checking if gcc supports -c -o file.o
configure:9789: result: yes
configure:9822: checking whether the gcc linker (/usr/bin/ld -m elf_x86_64) supports shared libraries
configure:10979: result: yes
configure:11016: checking whether -lc should be explicitly linked in
configure:11024: gcc -c -g -O2  conftest.c >&5
configure:11027: $? = 0
configure:11042: gcc -shared  -fPIC -DPIC conftest.o  -v -Wl,-soname -Wl,conftest -o conftest 2\>\&1 \| /usr/bin/grep  -lc  \>/dev/null 2\>\&1
configure:11045: $? = 0
configure:11059: result: no
configure:11219: checking dynamic linker characteristics
configure:11750: gcc -o conftest -g -O2   -Wl,-rpath -Wl,/foo conftest.c  >&5
configure:11750: $? = 0
configure:11984: result: GNU/Linux ld.so
configure:12091: checking how to hardcode library paths into programs
configure:12116: result: immediate
configure:12656: checking whether stripping libraries is possible
configure:12661: result: yes
configure:12696: checking if libtool supports shared libraries
configure:12698: result: yes
configure:12701: checking whether to build shared libraries
configure:12722: result: yes
configure:12725: checking whether to build static libraries
configure:12729: result: no
configure:12809: checking for windres
configure:12839: result: no
configure:13135: checking whether byte ordering is bigendian
configure:13150: gcc -c -g -O2  conftest.c >&5
conftest.c:29:16: error: unknown type name 'not'
   29 |                not a universal capable compiler
      |                ^~~
conftest.c:29:22: error: expected '=', ',', ';', 'asm' or '__attribute__' before 'universal'
   29 |                not a universal capable compiler
      |                      ^~~~~~~~~
conftest.c:29:22: error: unknown type name 'universal'
configure:13150: $? = 1
configure: failed program was:
| /* confdefs.h */
| #define PACKAGE_NAME "libgcrypt"
| #define PACKAGE_TARNAME "libgcrypt"
| #define PACKAGE_VERSION "1.10.1"
| #define PACKAGE_STRING "libgcrypt 1.10.1"
| #define PACKAGE_BUGREPORT "https://bugs.gnupg.org"
| #define PACKAGE_URL ""
| #define PACKAGE "libgcrypt"
| #define VERSION "1.10.1"
| #define STDC_HEADERS 1
| #define HAVE_SYS_TYPES_H 1
| #define HAVE_SYS_STAT_H 1
| #define HAVE_STDLIB_H 1
| #define HAVE_STRING_H 1
| #define HAVE_MEMORY_H 1
| #define HAVE_STRINGS_H 1
| #define HAVE_INTTYPES_H 1
| #define HAVE_STDINT_H 1
| #define HAVE_UNISTD_H 1
| #define __EXTENSIONS__ 1
| #define _ALL_SOURCE 1
| #define _GNU_SOURCE 1
| #define _POSIX_PTHREAD_SEMANTICS 1
| #define _TANDEM_SOURCE 1
| #define HAVE_DLFCN_H 1
| #define LT_OBJDIR ".libs/"
| /* end confdefs.h.  */
| #ifndef __APPLE_CC__
| 	       not a universal capable compiler
| 	     #endif
| 	     typedef int dummy;
| 
configure:13195: gcc -c -g -O2  conftest.c >&5
configure:13195: $? = 0
configure:13213: gcc -c -g -O2  conftest.c >&5
conftest.c: In function 'main':
conftest.c:35:18: error: unknown type name 'not'; did you mean 'ino_t'?
   35 |                  not big endian
      |                  ^~~
      |                  ino_t
conftest.c:35:26: error: expected '=', ',', ';', 'asm' or '__attribute__' before 'endian'
   35 |                  not big endian
      |                          ^~~~~~
configure:13213: $? = 1
configure: failed program was:
| /* confdefs.h */
| #define PACKAGE_NAME "libgcrypt"
| #define PACKAGE_TARNAME "libgcrypt"
| #define PACKAGE_VERSION "1.10.1"
| #define PACKAGE_STRING "libgcrypt 1.10.1"
| #define PACKAGE_BUGREPORT "https://bugs.gnupg.org"
| #define PACKAGE_URL ""
| #define PACKAGE "libgcrypt"
| #define VERSION "1.10.1"
| #define STDC_HEADERS 1
| #define HAVE_SYS_TYPES_H 1
| #define HAVE_SYS_STAT_H 1
| #define HAVE_STDLIB_H 1
| #define HAVE_STRING_H 1
| #define HAVE_MEMORY_H 1
| #define HAVE_STRINGS_H 1
| #define HAVE_INTTYPES_H 1
| #define HAVE_STDINT_H 1
| #define HAVE_UNISTD_H 1
| #define __EXTENSIONS__ 1
| #define _ALL_SOURCE 1
| #define _GNU_SOURCE 1
| #define _POSIX_PTHREAD_SEMANTICS 1
| #define _TANDEM_SOURCE 1
| #define HAVE_DLFCN_H 1
| #define LT_OBJDIR ".libs/"
| /* end confdefs.h.  */
| #include <sys/types.h>
| 		#include <sys/param.h>
| 
| int
| main ()
| {
| #if BYTE_ORDER != BIG_ENDIAN
| 		 not big endian
| 		#endif
| 
|   ;
|   return 0;
| }
configure:13341: result: no
configure:13369: checking size of unsigned short
configure:13374: gcc -o conftest -g -O2   conftest.c  >&5
configure:13374: $? = 0
configure:13374: ./conftest
configure:13374: $? = 0
configure:13388: result: 2
configure:13402: checking size of unsigned int
configure:13407: gcc -o conftest -g -O2   conftest.c  >&5
configure:13407: $? = 0
configure:13407: ./conftest
configure:13407: $? = 0
configure:13421: result: 4
configure:13435: checking size of unsigned long
configure:13440: gcc -o conftest -g -O2   conftest.c  >&5
configure:13440: $? = 0
configure:13440: ./conftest
configure:13440: $? = 0
configure:13454: result: 8
configure:13468: checking size of unsigned long long
configure:13473: gcc -o conftest -g -O2   conftest.c  >&5
configure:13473: $? = 0
configure:13473: ./conftest
configure:13473: $? = 0
configure:13487: result: 8
configure:13501: checking size of void *
configure:13506: gcc -o conftest -g -O2   conftest.c  >&5
configure:13506: $? = 0
configure:13506: ./conftest
configure:13506: $? = 0
configure:13520: result: 8
configure:13532: checking for uintptr_t
configure:13532: gcc -c -g -O2  conftest.c >&5
configure:13532: $? = 0
configure:13532: gcc -c -g -O2  conftest.c >&5
conftest.c: In function 'main':
conftest.c:69:24: error: expected expression before ')' token
   69 | if (sizeof ((uintptr_t)))
      |                        ^
configure:13532: $? = 1
configure: failed program was:
| /* confdefs.h */
| #define PACKAGE_NAME "libgcrypt"
| #define PACKAGE_TARNAME "libgcrypt"
| #define PACKAGE_VERSION "1.10.1"
| #define PACKAGE_STRING "libgcrypt 1.10.1"
| #define PACKAGE_BUGREPORT "https://bugs.gnupg.org"
| #define PACKAGE_URL ""
| #define PACKAGE "libgcrypt"
| #define VERSION "1.10.1"
| #define STDC_HEADERS 1
| #define HAVE_SYS_TYPES_H 1
| #define HAVE_SYS_STAT_H 1
| #define HAVE_STDLIB_H 1
| #define HAVE_STRING_H 1
| #define HAVE_MEMORY_H 1
| #define HAVE_STRINGS_H 1
| #define HAVE_INTTYPES_H 1
| #define HAVE_STDINT_H 1
| #define HAVE_UNISTD_H 1
| #define __EXTENSIONS__ 1
| #define _ALL_SOURCE 1
| #define _GNU_SOURCE 1
| #define _POSIX_PTHREAD_SEMANTICS 1
| #define _TANDEM_SOURCE 1
| #define HAVE_DLFCN_H 1
| #define LT_OBJDIR ".libs/"
| #define SIZEOF_UNSIGNED_SHORT 2
| #define SIZEOF_UNSIGNED_INT 4
| #define SIZEOF_UNSIGNED_LONG 8
| #define SIZEOF_UNSIGNED_LONG_LONG 8
| #define SIZEOF_VOID_P 8
| /* end confdefs.h.  */
| #include <stdio.h>
| #ifdef HAVE_SYS_TYPES_H
| # include <sys/types.h>
| #endif
| #ifdef HAVE_SYS_STAT_H
| # include <sys/stat.h>
| #endif
| #ifdef STDC_HEADERS
| # include <stdlib.h>
| # include <stddef.h>
| #else
| # ifdef HAVE_STDLIB_H
| #  include <stdlib.h>
| # endif
| #endif
| #ifdef HAVE_STRING_H
| # if !defined STDC_HEADERS && defined HAVE_MEMORY_H
| #  include <memory.h>
| # endif
| # include <string.h>
| #endif
| #ifdef HAVE_STRINGS_H
| # include <strings.h>
| #endif
| #ifdef HAVE_INTTYPES_H
| # include <inttypes.h>
| #endif
| #ifdef HAVE_STDINT_H
| # include <stdint.h>
| #endif
| #ifdef HAVE_UNISTD_H
| # include <unistd.h>
| #endif
| int
| main ()
| {
| if (sizeof ((uintptr_t)))
| 	    return 0;
|   ;
|   return 0;
| }
configure:13532: result: yes
configure:13577: checking for UINT64_C
configure:13593: gcc -c -g -O2  conftest.c >&5
configure:13593: $? = 0
configure:13600: result: yes
configure:13607: checking size of uint64_t
configure:13612: gcc -o conftest -g -O2   conftest.c  >&5
configure:13612: $? = 0
configure:13612: ./conftest
configure:13612: $? = 0
configure:13626: result: 8
configure:13685: checking which symmetric ciphers to include
configure:13703: result: arcfour blowfish cast5 des aes twofish serpent rfc2268 seed camellia idea salsa20 gost28147 chacha20 sm4
configure:13719: checking which public-key ciphers to include
configure:13737: result: dsa elgamal rsa ecc
configure:13753: checking which message digests to include
configure:13771: result: crc gostr3411-94  md4 md5 rmd160 sha1 sha256 sha512 sha3 tiger whirlpool stribog blake2 sm3
configure:13787: checking which key derivation functions to include
configure:13805: result: s2k pkdf2 scrypt
configure:13817: checking which random module to use
configure:13835: result: default
configure:13839: checking whether use of /dev/random is requested
configure:13848: result: yes
configure:13867: checking whether the experimental random daemon is requested
configure:13876: result: no
configure:13889: checking whether MPI and cipher assembler modules are requested
configure:13898: result: yes
configure:13907: checking whether memory guard is requested
configure:13916: result: no
configure:13925: checking whether to run large data tests
configure:13934: result: no
configure:13940: checking whether 'soft' HW feature bits are forced on
configure:13949: result: no
configure:13955: checking whether use of capabilities is requested
configure:13965: result: no
configure:13969: checking whether a HMAC binary check is requested
configure:13978: result: no
configure:14200: checking whether jitter entropy support is requested
configure:14209: result: yes
configure:14213: checking whether padlock support is requested
configure:14222: result: yes
configure:14226: checking whether AESNI support is requested
configure:14235: result: yes
configure:14239: checking whether SHAEXT support is requested
configure:14248: result: yes
configure:14252: checking whether PCLMUL support is requested
configure:14261: result: yes
configure:14265: checking whether SSE4.1 support is requested
configure:14274: result: yes
configure:14278: checking whether DRNG support is requested
configure:14287: result: yes
configure:14291: checking whether AVX support is requested
configure:14300: result: yes
configure:14304: checking whether AVX2 support is requested
configure:14313: result: yes
configure:14317: checking whether NEON support is requested
configure:14326: result: yes
configure:14330: checking whether ARMv8 Crypto Extension support is requested
configure:14339: result: yes
configure:14343: checking whether PPC crypto support is requested
configure:14352: result: yes
configure:14356: checking whether a -O flag munging is requested
configure:14365: result: yes
configure:14377: checking whether a instrumentation (-fprofile, -fsanitize) munging is requested
configure:14386: result: yes
configure:14398: checking whether to enable AMD64 as(1) feature detection
configure:14407: result: yes
configure:14501: checking for gpg-error-config
configure:14532: result: no
configure:14545: checking for gpgrt-config
configure:14577: result: no
configure:14680: checking for GPG Error - version >= 1.27
configure:14728: result: no
configure:14738: error: libgpg-error is needed.
                See ftp://ftp.gnupg.org/gcrypt/libgpg-error/ .

## ---------------- ##
## Cache variables. ##
## ---------------- ##

ac_cv_build=x86_64-pc-linux-gnu
ac_cv_c_bigendian=no
ac_cv_c_compiler_gnu=yes
ac_cv_env_CCASFLAGS_set=
ac_cv_env_CCASFLAGS_value=
ac_cv_env_CCAS_set=
ac_cv_env_CCAS_value=
ac_cv_env_CC_set=
ac_cv_env_CC_value=
ac_cv_env_CFLAGS_set=
ac_cv_env_CFLAGS_value=
ac_cv_env_CPPFLAGS_set=
ac_cv_env_CPPFLAGS_value=
ac_cv_env_CPP_set=
ac_cv_env_CPP_value=
ac_cv_env_LDFLAGS_set=
ac_cv_env_LDFLAGS_value=
ac_cv_env_LIBS_set=
ac_cv_env_LIBS_value=
ac_cv_env_SYSROOT_set=
ac_cv_env_SYSROOT_value=
ac_cv_env_build_alias_set=
ac_cv_env_build_alias_value=
ac_cv_env_host_alias_set=
ac_cv_env_host_alias_value=
ac_cv_env_target_alias_set=
ac_cv_env_target_alias_value=
ac_cv_header_dlfcn_h=yes
ac_cv_header_inttypes_h=yes
ac_cv_header_memory_h=yes
ac_cv_header_minix_config_h=no
ac_cv_header_stdc=yes
ac_cv_header_stdint_h=yes
ac_cv_header_stdlib_h=yes
ac_cv_header_string_h=yes
ac_cv_header_strings_h=yes
ac_cv_header_sys_stat_h=yes
ac_cv_header_sys_types_h=yes
ac_cv_header_unistd_h=yes
ac_cv_host=x86_64-pc-linux-gnu
ac_cv_objext=o
ac_cv_path_EGREP='/usr/bin/grep -E'
ac_cv_path_FGREP='/usr/bin/grep -F'
ac_cv_path_GPGRT_CONFIG=no
ac_cv_path_GPG_ERROR_CONFIG=no
ac_cv_path_GREP=/usr/bin/grep
ac_cv_path_SED=/usr/bin/sed
ac_cv_path_install='/usr/bin/install -c'
ac_cv_path_mkdir=/usr/bin/mkdir
ac_cv_prog_AWK=gawk
ac_cv_prog_CPP='gcc -E'
ac_cv_prog_ac_ct_AR=ar
ac_cv_prog_ac_ct_CC=gcc
ac_cv_prog_ac_ct_MANIFEST_TOOL=mt
ac_cv_prog_ac_ct_OBJDUMP=objdump
ac_cv_prog_ac_ct_RANLIB=ranlib
ac_cv_prog_ac_ct_STRIP=strip
ac_cv_prog_cc_c89=
ac_cv_prog_cc_g=yes
ac_cv_prog_make_make_set=yes
ac_cv_safe_to_define___extensions__=yes
ac_cv_search_strerror='none required'
ac_cv_sizeof_uint64_t=8
ac_cv_sizeof_unsigned_int=4
ac_cv_sizeof_unsigned_long=8
ac_cv_sizeof_unsigned_long_long=8
ac_cv_sizeof_unsigned_short=2
ac_cv_sizeof_void_p=8
ac_cv_type_uintptr_t=yes
am_cv_CCAS_dependencies_compiler_type=gcc3
am_cv_CC_dependencies_compiler_type=gcc3
am_cv_make_support_nested_variables=yes
am_cv_prog_cc_c_o=yes
gnupg_cv_uint64_c_works=yes
lt_cv_ar_at_file=@
lt_cv_archive_cmds_need_lc=no
lt_cv_deplibs_check_method=pass_all
lt_cv_file_magic_cmd='$MAGIC_CMD'
lt_cv_file_magic_test_file=
lt_cv_ld_reload_flag=-r
lt_cv_nm_interface='BSD nm'
lt_cv_objdir=.libs
lt_cv_path_LD=/usr/bin/ld
lt_cv_path_NM='/usr/bin/nm -B'
lt_cv_path_mainfest_tool=no
lt_cv_prog_compiler_c_o=yes
lt_cv_prog_compiler_c_o_RC=yes
lt_cv_prog_compiler_pic='-fPIC -DPIC'
lt_cv_prog_compiler_pic_works=yes
lt_cv_prog_compiler_rtti_exceptions=no
lt_cv_prog_compiler_static_works=yes
lt_cv_prog_gnu_ld=yes
lt_cv_sharedlib_from_linklib_cmd='printf %s\n'
lt_cv_shlibpath_overrides_runpath=yes
lt_cv_sys_global_symbol_pipe='sed -n -e '\''s/^.*[	 ]\([ABCDGIRSTW][ABCDGIRSTW]*\)[	 ][	 ]*\([_A-Za-z][_A-Za-z0-9]*\)$/\1 \2 \2/p'\'' | sed '\''/ __gnu_lto/d'\'''
lt_cv_sys_global_symbol_to_c_name_address='sed -n -e '\''s/^: \([^ ]*\)[ ]*$/  {\"\1\", (void *) 0},/p'\'' -e '\''s/^[ABCDGIRSTW]* \([^ ]*\) \([^ ]*\)$/  {"\2", (void *) \&\2},/p'\'''
lt_cv_sys_global_symbol_to_c_name_address_lib_prefix='sed -n -e '\''s/^: \([^ ]*\)[ ]*$/  {\"\1\", (void *) 0},/p'\'' -e '\''s/^[ABCDGIRSTW]* \([^ ]*\) \(lib[^ ]*\)$/  {"\2", (void *) \&\2},/p'\'' -e '\''s/^[ABCDGIRSTW]* \([^ ]*\) \([^ ]*\)$/  {"lib\2", (void *) \&\2},/p'\'''
lt_cv_sys_global_symbol_to_cdecl='sed -n -e '\''s/^T .* \(.*\)$/extern int \1();/p'\'' -e '\''s/^[ABCDGIRSTW]* .* \(.*\)$/extern char \1;/p'\'''
lt_cv_sys_max_cmd_len=1572864
lt_cv_to_host_file_cmd=func_convert_file_noop
lt_cv_to_tool_file_cmd=func_convert_file_noop

## ----------------- ##
## Output variables. ##
## ----------------- ##

ACLOCAL='${SHELL} '\''/home/james/klee-deps/libgcrypt-1.10.1-for-klee/libgcrypt-1.10.1/build-aux/missing'\'' aclocal-1.16'
AMDEPBACKSLASH='\'
AMDEP_FALSE='#'
AMDEP_TRUE=''
AMTAR='$${TAR-tar}'
AM_BACKSLASH='\'
AM_DEFAULT_V='$(AM_DEFAULT_VERBOSITY)'
AM_DEFAULT_VERBOSITY='1'
AM_V='$(V)'
AR='ar'
AS='as'
AUTOCONF='${SHELL} '\''/home/james/klee-deps/libgcrypt-1.10.1-for-klee/libgcrypt-1.10.1/build-aux/missing'\'' autoconf'
AUTOHEADER='${SHELL} '\''/home/james/klee-deps/libgcrypt-1.10.1-for-klee/libgcrypt-1.10.1/build-aux/missing'\'' autoheader'
AUTOMAKE='${SHELL} '\''/home/james/klee-deps/libgcrypt-1.10.1-for-klee/libgcrypt-1.10.1/build-aux/missing'\'' automake-1.16'
AWK='gawk'
BUILD_DOC_FALSE=''
BUILD_DOC_TRUE=''
BUILD_FILEVERSION=''
BUILD_REVISION=''
BUILD_TIMESTAMP=''
BUILD_VERSION=''
CC='gcc'
CCAS='gcc'
CCASDEPMODE='depmode=gcc3'
CCASFLAGS='-g -O2'
CCDEPMODE='depmode=gcc3'
CC_FOR_BUILD='$(CC)'
CFLAGS='-g -O2'
CPP='gcc -E'
CPPFLAGS=''
CROSS_COMPILING_FALSE=''
CROSS_COMPILING_TRUE=''
CYGPATH_W='echo'
DEFS=''
DEF_HMAC_BINARY_CHECK=''
DEPDIR='.deps'
DLLTOOL='false'
DL_LIBS=''
DSYMUTIL=''
DUMPBIN=''
ECHO_C=''
ECHO_N='-n'
ECHO_T=''
EGREP='/usr/bin/grep -E'
ENABLE_INSTRUMENTATION_MUNGING_FALSE='#'
ENABLE_INSTRUMENTATION_MUNGING_TRUE=''
ENABLE_O_FLAG_MUNGING_FALSE='#'
ENABLE_O_FLAG_MUNGING_TRUE=''
ENABLE_PPC_VCRYPTO_EXTRA_CFLAGS_FALSE=''
ENABLE_PPC_VCRYPTO_EXTRA_CFLAGS_TRUE=''
ENABLE_RANDOM_DAEMON_FALSE=''
ENABLE_RANDOM_DAEMON_TRUE='#'
EXEEXT=''
EXEEXT_FOR_BUILD='$(EXEEXT)'
FGREP='/usr/bin/grep -F'
GCRYPT_CIPHERS=''
GCRYPT_DIGESTS=''
GCRYPT_HWF_MODULES=''
GCRYPT_KDFS=''
GCRYPT_PUBKEY_CIPHERS=''
GCRYPT_RANDOM=''
GPGRT_CONFIG=''
GPG_ERROR_CFLAGS=''
GPG_ERROR_CONFIG='no'
GPG_ERROR_LIBS=''
GPG_ERROR_MT_CFLAGS=''
GPG_ERROR_MT_LIBS=''
GREP='/usr/bin/grep'
HAVE_LD_VERSION_SCRIPT_FALSE='#'
HAVE_LD_VERSION_SCRIPT_TRUE=''
HAVE_W32CE_SYSTEM_FALSE=''
HAVE_W32CE_SYSTEM_TRUE='#'
HAVE_W32_SYSTEM_FALSE=''
HAVE_W32_SYSTEM_TRUE='#'
INSTALL_DATA='${INSTALL} -m 644'
INSTALL_PROGRAM='${INSTALL}'
INSTALL_SCRIPT='${INSTALL}'
INSTALL_STRIP_PROGRAM='$(install_sh) -c -s'
LD='/usr/bin/ld -m elf_x86_64'
LDADD_FOR_TESTS_KLUDGE=''
LDFLAGS=''
LIBGCRYPT_CIPHERS=''
LIBGCRYPT_CONFIG_API_VERSION='1'
LIBGCRYPT_CONFIG_CFLAGS=''
LIBGCRYPT_CONFIG_HOST='x86_64-pc-linux-gnu'
LIBGCRYPT_CONFIG_LIBS='-lgcrypt'
LIBGCRYPT_DIGESTS=''
LIBGCRYPT_LT_AGE='4'
LIBGCRYPT_LT_CURRENT='24'
LIBGCRYPT_LT_REVISION='1'
LIBGCRYPT_PUBKEY_CIPHERS=''
LIBGCRYPT_THREAD_MODULES=''
LIBOBJS=''
LIBS=''
LIBTOOL='$(SHELL) $(top_builddir)/libtool'
LIPO=''
LN_S='ln -s'
LTLIBOBJS=''
MAINT='#'
MAINTAINER_MODE_FALSE=''
MAINTAINER_MODE_TRUE='#'
MAKEINFO='${SHELL} '\''/home/james/klee-deps/libgcrypt-1.10.1-for-klee/libgcrypt-1.10.1/build-aux/missing'\'' makeinfo'
MANIFEST_TOOL=':'
MKDIR_P='/usr/bin/mkdir -p'
MPI_MOD_ASM_MPIH_ADD1_FALSE=''
MPI_MOD_ASM_MPIH_ADD1_TRUE=''
MPI_MOD_ASM_MPIH_LSHIFT_FALSE=''
MPI_MOD_ASM_MPIH_LSHIFT_TRUE=''
MPI_MOD_ASM_MPIH_MUL1_FALSE=''
MPI_MOD_ASM_MPIH_MUL1_TRUE=''
MPI_MOD_ASM_MPIH_MUL2_FALSE=''
MPI_MOD_ASM_MPIH_MUL2_TRUE=''
MPI_MOD_ASM_MPIH_MUL3_FALSE=''
MPI_MOD_ASM_MPIH_MUL3_TRUE=''
MPI_MOD_ASM_MPIH_RSHIFT_FALSE=''
MPI_MOD_ASM_MPIH_RSHIFT_TRUE=''
MPI_MOD_ASM_MPIH_SUB1_FALSE=''
MPI_MOD_ASM_MPIH_SUB1_TRUE=''
MPI_MOD_ASM_UDIV_FALSE=''
MPI_MOD_ASM_UDIV_QRNND_FALSE=''
MPI_MOD_ASM_UDIV_QRNND_TRUE=''
MPI_MOD_ASM_UDIV_TRUE=''
MPI_MOD_C_MPIH_ADD1_FALSE=''
MPI_MOD_C_MPIH_ADD1_TRUE=''
MPI_MOD_C_MPIH_LSHIFT_FALSE=''
MPI_MOD_C_MPIH_LSHIFT_TRUE=''
MPI_MOD_C_MPIH_MUL1_FALSE=''
MPI_MOD_C_MPIH_MUL1_TRUE=''
MPI_MOD_C_MPIH_MUL2_FALSE=''
MPI_MOD_C_MPIH_MUL2_TRUE=''
MPI_MOD_C_MPIH_MUL3_FALSE=''
MPI_MOD_C_MPIH_MUL3_TRUE=''
MPI_MOD_C_MPIH_RSHIFT_FALSE=''
MPI_MOD_C_MPIH_RSHIFT_TRUE=''
MPI_MOD_C_MPIH_SUB1_FALSE=''
MPI_MOD_C_MPIH_SUB1_TRUE=''
MPI_MOD_C_UDIV_FALSE=''
MPI_MOD_C_UDIV_QRNND_FALSE=''
MPI_MOD_C_UDIV_QRNND_TRUE=''
MPI_MOD_C_UDIV_TRUE=''
MPI_SFLAGS=''
NM='/usr/bin/nm -B'
NMEDIT=''
NOEXECSTACK_FLAGS=''
OBJCOPY=''
OBJDUMP='objdump'
OBJEXT='o'
OTOOL64=''
OTOOL=''
PACKAGE='libgcrypt'
PACKAGE_BUGREPORT='https://bugs.gnupg.org'
PACKAGE_NAME='libgcrypt'
PACKAGE_STRING='libgcrypt 1.10.1'
PACKAGE_TARNAME='libgcrypt'
PACKAGE_URL=''
PACKAGE_VERSION='1.10.1'
PATH_SEPARATOR=':'
PTH_CFLAGS=''
PTH_CONFIG=''
PTH_LIBS=''
RANLIB='ranlib'
RC=''
READELF=''
RUN_LARGE_DATA_TESTS='no'
SED='/usr/bin/sed'
SET_MAKE=''
SHELL='/bin/bash'
STRIP='strip'
SYSROOT=''
USE_HMAC_BINARY_CHECK_FALSE=''
USE_HMAC_BINARY_CHECK_TRUE='#'
VERSION='1.10.1'
VERSION_NUMBER='0x010a01'
ac_ct_AR='ar'
ac_ct_CC='gcc'
ac_ct_DUMPBIN=''
am__EXEEXT_FALSE=''
am__EXEEXT_TRUE=''
am__fastdepCCAS_FALSE='#'
am__fastdepCCAS_TRUE=''
am__fastdepCC_FALSE='#'
am__fastdepCC_TRUE=''
am__include='include'
am__isrc=''
am__leading_dot='.'
am__nodep='_no'
am__quote=''
am__tar='$${TAR-tar} chof - "$$tardir"'
am__untar='$${TAR-tar} xf -'
bindir='${exec_prefix}/bin'
build='x86_64-pc-linux-gnu'
build_alias=''
build_cpu='x86_64'
build_os='linux-gnu'
build_vendor='pc'
datadir='${datarootdir}'
datarootdir='${prefix}/share'
docdir='${datarootdir}/doc/${PACKAGE_TARNAME}'
dvidir='${docdir}'
emacs_local_vars_begin='Local Variables:'
emacs_local_vars_end='End:'
emacs_local_vars_read_only='buffer-read-only: t'
exec_prefix='NONE'
host='x86_64-pc-linux-gnu'
host_alias=''
host_cpu='x86_64'
host_os='linux-gnu'
host_vendor='pc'
htmldir='${docdir}'
includedir='${prefix}/include'
infodir='${datarootdir}/info'
install_sh='${SHELL} /home/james/klee-deps/libgcrypt-1.10.1-for-klee/libgcrypt-1.10.1/build-aux/install-sh'
libdir='${exec_prefix}/lib'
libexecdir='${exec_prefix}/libexec'
localedir='${datarootdir}/locale'
localstatedir='${prefix}/var'
mandir='${datarootdir}/man'
mkdir_p='$(MKDIR_P)'
oldincludedir='/usr/include'
pdfdir='${docdir}'
prefix='NONE'
program_transform_name='s,x,x,'
psdir='${docdir}'
runstatedir='${localstatedir}/run'
sbindir='${exec_prefix}/sbin'
sharedstatedir='${prefix}/com'
sysconfdir='${prefix}/etc'
target_alias=''

## ----------- ##
## confdefs.h. ##
## ----------- ##

/* confdefs.h */
#define PACKAGE_NAME "libgcrypt"
#define PACKAGE_TARNAME "libgcrypt"
#define PACKAGE_VERSION "1.10.1"
#define PACKAGE_STRING "libgcrypt 1.10.1"
#define PACKAGE_BUGREPORT "https://bugs.gnupg.org"
#define PACKAGE_URL ""
#define PACKAGE "libgcrypt"
#define VERSION "1.10.1"
#define STDC_HEADERS 1
#define HAVE_SYS_TYPES_H 1
#define HAVE_SYS_STAT_H 1
#define HAVE_STDLIB_H 1
#define HAVE_STRING_H 1
#define HAVE_MEMORY_H 1
#define HAVE_STRINGS_H 1
#define HAVE_INTTYPES_H 1
#define HAVE_STDINT_H 1
#define HAVE_UNISTD_H 1
#define __EXTENSIONS__ 1
#define _ALL_SOURCE 1
#define _GNU_SOURCE 1
#define _POSIX_PTHREAD_SEMANTICS 1
#define _TANDEM_SOURCE 1
#define HAVE_DLFCN_H 1
#define LT_OBJDIR ".libs/"
#define SIZEOF_UNSIGNED_SHORT 2
#define SIZEOF_UNSIGNED_INT 4
#define SIZEOF_UNSIGNED_LONG 8
#define SIZEOF_UNSIGNED_LONG_LONG 8
#define SIZEOF_VOID_P 8
#define HAVE_UINTPTR_T 1
#define SIZEOF_UINT64_T 8
#define EGD_SOCKET_NAME ""
#define FIPS_MODULE_VERSION ""
#define PRINTABLE_OS_NAME "GNU/Linux"
#define NAME_OF_DEV_RANDOM "/dev/random"
#define NAME_OF_DEV_URANDOM "/dev/urandom"

configure: exit 1
